
> history3d@0.0.1 build
> npm run validate:collection && npm run validate:package && npm run validate:yuezhi && npm run prepare:assets && tsc --noEmit && vite build


> history3d@0.0.1 validate:collection
> node --import tsx scripts/validate-collection.ts


校验对象：contracts/fixtures/collection/silk-road-demo
✓ 未发现问题

> history3d@0.0.1 validate:package
> node --import tsx scripts/validate-package.ts


校验对象：packages/silk-road-demo
✓ 未发现问题

> history3d@0.0.1 validate:yuezhi
> node --import tsx scripts/validate-yuezhi-package.ts

{
  "ok": true,
  "publicationReady": false,
  "errors": [],
  "pendingReviews": [
    "人物外观、具体布局与马具均为示意，需用户视觉审核",
    "古籍底本校勘与史料负责人审核待完成",
    "Tripo及壁画公开使用权利待确认",
    "完整浏览器故事、组合场景与动态角色视角验收证据待补齐"
  ],
  "assetCount": 8,
  "tripoTaskIds": [
    "e87b6ae6-78a2-4630-b616-91db00681bdf",
    "d5830027-1d35-4835-9be1-f8035f9f82eb",
    "02cabe4c-1356-4e5b-b0a3-88c10da4669b",
    "b614d405-a227-4642-9fa0-0495e08a5b27"
  ]
}

> history3d@0.0.1 prepare:assets
> node scripts/prepare-assets.mjs

已复制 packages/ → viewer/public/packages/
vite v6.4.3 building for production...
transforming...
✓ 251 modules transformed.
rendering chunks...
computing gzip size...
../dist/mural.html                                 0.45 kB │ gzip:   0.33 kB
../dist/index.html                                 0.58 kB │ gzip:   0.35 kB
../dist/yuezhi.html                                0.83 kB │ gzip:   0.52 kB
../dist/zhangqian-mural-trial.html                 2.59 kB │ gzip:   1.49 kB
../dist/tripo-lab.html                             2.60 kB │ gzip:   1.47 kB
../dist/assets/zhangqianMuralTrial-CM27BiCS.css    1.74 kB │ gzip:   0.82 kB
../dist/assets/tripoLab-pHC5xTha.css               4.70 kB │ gzip:   1.65 kB
../dist/assets/viewer-7U-9-jlR.css                 6.51 kB │ gzip:   2.00 kB
../dist/assets/mural-DyS-Dbcy.css                 13.15 kB │ gzip:   3.89 kB
../dist/assets/yuezhi-BFaQMagv.css                18.59 kB │ gzip:   5.15 kB
../dist/assets/zhangqianMuralTrial-FctZLy65.js     3.12 kB │ gzip:   1.70 kB
../dist/assets/model-view-Ds1Sjz-p.js              3.84 kB │ gzip:   1.68 kB
../dist/assets/tripoLab-DAo5VsIl.js                7.77 kB │ gzip:   3.88 kB
../dist/assets/OrbitControls-CwX5XoMf.js          19.06 kB │ gzip:   4.32 kB
../dist/assets/viewer--cLK5TMm.js                 46.34 kB │ gzip:  15.55 kB
../dist/assets/yuezhi-uYxKuCXN.js                 74.63 kB │ gzip:  27.08 kB
../dist/assets/mural-pVgwFfPW.js                 144.43 kB │ gzip:  47.80 kB
../dist/assets/reader-D2jd3XTV.js                176.74 kB │ gzip:  53.11 kB
../dist/assets/GLTFLoader-cm8NqNip.js            589.11 kB │ gzip: 149.98 kB

(!) Some chunks are larger than 500 kB after minification. Consider:
- Using dynamic import() to code-split the application
- Use build.rollupOptions.output.manualChunks to improve chunking: https://rollupjs.org/configuration-options/#output-manualchunks
- Adjust chunk size limit for this warning via build.chunkSizeWarningLimit.
✓ built in 5.21s
