
> history3d@0.0.1 check
> npm run validate:collection && npm run validate:package && npm run validate:yuezhi && npm run typecheck && npm run test --maxWorkers=1 --fileParallelism=false


> history3d@0.0.1 validate:collection
> node --import tsx scripts/validate-collection.ts


校验对象：contracts/fixtures/collection/silk-road-demo
✓ 未发现问题

> history3d@0.0.1 validate:package
> node --import tsx scripts/validate-package.ts


校验对象：packages/silk-road-demo
✓ 未发现问题

> history3d@0.0.1 validate:yuezhi
> node --import tsx scripts/validate-yuezhi-package.ts

{
  "ok": true,
  "publicationReady": false,
  "errors": [],
  "pendingReviews": [
    "人物外观、具体布局与马具均为示意，需用户视觉审核",
    "古籍底本校勘与史料负责人审核待完成",
    "Tripo及壁画公开使用权利待确认",
    "完整浏览器故事、组合场景与动态角色视角验收证据待补齐"
  ],
  "assetCount": 8,
  "tripoTaskIds": [
    "e87b6ae6-78a2-4630-b616-91db00681bdf",
    "d5830027-1d35-4835-9be1-f8035f9f82eb",
    "02cabe4c-1356-4e5b-b0a3-88c10da4669b",
    "b614d405-a227-4642-9fa0-0495e08a5b27"
  ]
}

> history3d@0.0.1 typecheck
> tsc --noEmit


> history3d@0.0.1 test
> vitest run


 RUN  v3.2.7 /Users/user/Desktop/09_Sideproject/tripo黑客松/History3D/History3D-r5-build

 ✓ tests/cli.test.ts (2 tests) 1119ms
   ✓ processing CLI arguments > rejects wrong arity before choosing a command  620ms
   ✓ processing CLI arguments > rejects nonnumeric review attempt before reading files  498ms
 ✓ tests/release-registry.test.ts (2 tests) 594ms
   ✓ release registry > atomically selects a fully evidenced synthetic release and permits rollback only to an approved version  316ms
 ✓ tests/server.test.ts (1 test) 829ms
   ✓ processing HTTP API > uploads, imports, serves feedback and fixed releases without promoting them  828ms
 ✓ tests/mural-walking.test.ts (17 tests) 1561ms
   ✓ walking follows distance and deforms real mesh joints > calibrates the whole attendant heading without twisting head and torso apart  314ms
 ✓ tests/feedback.test.ts (2 tests) 1559ms
   ✓ viewer feedback > keeps a candidate, rejects stale parents, and never promotes on acceptance  459ms
   ✓ viewer feedback > integrates an approved material-only patch into a new immutable candidate  1099ms
 ✓ tests/collector-api.test.ts (10 tests) 521ms
 ✓ tests/bundles.test.ts (1 test) 645ms
   ✓ ZIP transport > stores a fixed digest and feeds the same collection importer  645ms
 ✓ tests/world-compile.test.ts (8 tests) 1964ms
   ✓ world release compiler > builds a fixed candidate that the formal package validator accepts  404ms
   ✓ world release compiler > rejects an existing candidate with a missing declared file  395ms
 ✓ tests/asset-lock.test.ts (4 tests) 384ms
   ✓ cross-platform asset lock ownership > reports a valid live owner as contention and keeps that owner intact  322ms
 ✓ tests/validate.test.ts (13 tests) 320ms
 ✓ tests/collector.test.ts (32 tests) 283ms
 ✓ tests/intake.test.ts (5 tests) 927ms
   ✓ collection import > freezes the original package and returns the same receipt on retry  362ms
 ✓ tests/handoff.test.ts (7 tests) 320ms
 ✓ tests/collection-handoff.test.ts (5 tests) 231ms
 ✓ tests/mural-framing.test.ts (14 tests) 107ms
 ✓ tests/yuezhi-story-world-lifecycle.test.ts (11 tests) 208ms
 ✓ tests/strategies.test.ts (1 test) 483ms
   ✓ strategy policy and tasks > persists a zero-spend generation proposal without contacting a provider  482ms
 ✓ tests/collector-publish.test.ts (4 tests) 401ms
 ✓ tests/mural-scene-assets.test.ts (2 tests) 64ms
 ✓ tests/yuezhi-refined-assets.test.ts (5 tests) 279ms
 ✓ tests/collector-coordinator.test.ts (4 tests) 131ms
 ✓ tests/glb.test.ts (3 tests) 9ms
 ✓ tests/collector-search-proposal.test.ts (1 test) 11ms
 ✓ tests/yuezhi-book-questions.test.ts (10 tests) 35ms
 ✓ tests/yuezhi-perspectives.test.ts (11 tests) 32ms
 ✓ tests/yuezhi-story-world.test.ts (3 tests) 74ms
 ✓ tests/collector-jev.test.ts (4 tests) 8ms
 ✓ tests/mural-story.test.ts (4 tests) 10ms
 ✓ tests/tripo-prompt-lab.test.ts (3 tests) 24ms
 ✓ tests/review.test.ts (10 tests) 17ms
 ✓ tests/mural-playback.test.ts (5 tests) 39ms
 ✓ tests/geometry.test.ts (13 tests) 5ms
 ✓ tests/mural-scene-beats.test.ts (5 tests) 6ms
 ✓ tests/experience.test.ts (5 tests) 10ms
 ✓ tests/yuezhi-progress.test.ts (6 tests) 6ms
 ✓ tests/measure.test.ts (8 tests) 20ms
 ✓ tests/candidate-reader.test.ts (2 tests) 3ms
 ✓ tests/mural-subtitles.test.ts (1 test) 3ms
 ✓ tests/mural-presentation.test.ts (3 tests) 3ms
 ✓ tests/collector-policy.test.ts (13 tests) 4ms
 ✓ tests/mural-cue-presentation.test.ts (4 tests) 3ms
 ✓ tests/browser-evidence.test.ts (2 tests) 6627ms
   ✓ formal viewer frame evidence > binds a PNG to a fixed release, viewport and beat time without editing the release  383ms
   ✓ formal viewer frame evidence > keeps formal frame paths when offline views are staged  6243ms
 ✓ tests/yuezhi-package-chain.test.ts (20 tests) 9685ms
   ✓ 张骞采集 → 整合的真实资产链路 > 旧三项和本轮新匈奴共四项 Tripo 任务均进入正式场景并保留输入到输出hash，未伪造接受  868ms
   ✓ 张骞采集 → 整合的真实资产链路 > 交接机器没有.private/runtime缓存也能从正式raw快照原位重建，输出模型逐项一致  3571ms
 ✓ tests/blender-refine.test.ts (3 tests) 15987ms
   ✓ rejects an asset review render when Blender Python import fails  2707ms
   ✓ returns an unchanged-geometry Blender material candidate without adoption  12014ms
   ✓ integrates a passing B candidate only as a new unpromoted release  1264ms

 Test Files  44 passed (44)
      Tests  289 passed (289)
   Start at  08:13:32
   Duration  17.20s (transform 2.03s, setup 0ms, collect 9.58s, tests 45.55s, environment 12ms, prepare 4.96s)
