
> history3d@0.0.1 check
> npm run validate:collection && npm run validate:package && npm run validate:yuezhi && npm run typecheck && npm run test


> history3d@0.0.1 validate:collection
> node --import tsx scripts/validate-collection.ts


校验对象：contracts/fixtures/collection/silk-road-demo
✓ 未发现问题

> history3d@0.0.1 validate:package
> node --import tsx scripts/validate-package.ts


校验对象：packages/silk-road-demo
✓ 未发现问题

> history3d@0.0.1 validate:yuezhi
> node --import tsx scripts/validate-package.ts packages/zhang-qian-yuezhi


校验对象：packages/zhang-qian-yuezhi
! [VALIDATION_FAILED] scene.json#objects[0].position
    对象实例 obj-environment 的底部原点不在接地高度（0）上，请确认这是有意为之

共 0 个错误、1 个警告

> history3d@0.0.1 typecheck
> tsc --noEmit


> history3d@0.0.1 test
> vitest run


 RUN  v3.2.7 /Users/user/Desktop/09_Sideproject/tripo黑客松/History3D-processing

 ✓ tests/world-compile.test.ts (3 tests) 554ms
   ✓ world release compiler > builds a fixed candidate that the formal package validator accepts  390ms
 ✓ tests/release-registry.test.ts (2 tests) 632ms
   ✓ release registry > keeps an unreviewed fixture as a candidate, even with a promote decision  376ms
 ✓ tests/intake.test.ts (5 tests) 734ms
 ✓ tests/cli.test.ts (2 tests) 1313ms
   ✓ processing CLI arguments > rejects wrong arity before choosing a command  766ms
   ✓ processing CLI arguments > rejects nonnumeric review attempt before reading files  545ms
 ✓ tests/server.test.ts (1 test) 772ms
   ✓ processing HTTP API > uploads, imports, serves feedback and fixed releases without promoting them  772ms
 ✓ tests/review.test.ts (10 tests) 12ms
 ✓ tests/validate.test.ts (13 tests) 336ms
 ✓ tests/bundles.test.ts (1 test) 1590ms
   ✓ ZIP transport > stores a fixed digest and feeds the same collection importer  1588ms
 ✓ tests/measure.test.ts (8 tests) 16ms
 ✓ tests/strategies.test.ts (1 test) 599ms
   ✓ strategy policy and tasks > persists a zero-spend generation proposal without contacting a provider  598ms
 ✓ tests/handoff.test.ts (7 tests) 493ms
 ✓ tests/feedback.test.ts (2 tests) 1686ms
   ✓ viewer feedback > keeps a candidate, rejects stale parents, and never promotes on acceptance  490ms
   ✓ viewer feedback > integrates an approved material-only patch into a new immutable candidate  1194ms
 ✓ tests/glb.test.ts (3 tests) 6ms
 ✓ tests/geometry.test.ts (13 tests) 5ms
 ✓ tests/candidate-reader.test.ts (2 tests) 2ms
 ✓ tests/experience.test.ts (5 tests) 14ms
 ✓ tests/yuezhi-progress.test.ts (4 tests) 5ms
 ✓ tests/browser-evidence.test.ts (2 tests) 8139ms
   ✓ formal viewer frame evidence > binds a PNG to a fixed release, viewport and beat time without editing the release  418ms
   ✓ formal viewer frame evidence > keeps formal frame paths when offline views are staged  7711ms
 ✓ tests/blender-refine.test.ts (2 tests) 17668ms
   ✓ returns an unchanged-geometry Blender material candidate without adoption  16232ms
   ✓ integrates a passing B candidate only as a new unpromoted release  1434ms

 Test Files  19 passed (19)
      Tests  86 passed (86)
   Start at  07:36:22
   Duration  18.84s (transform 1.19s, setup 0ms, collect 5.79s, tests 34.57s, environment 5ms, prepare 1.71s)
